04:48:
$ <- da hat wieder jemand "homöppathisch" auf mein Medulla Spinalis Neuro-Implantat zugegriffen, auf der de-sg tasstatur ist das $ zeichen grad neben der enter taste

urs und astrid blum treiben philipp blum auch über sexuelle integrität zu [1] terrorismus an


[1] INSERTED: kleine unmd grossem



urs blum verrät dass die Zürich versichrungb psyhologen hgat ujm knider über sexuelle integrität zu amokiläuzfern zu machen

verrat ist skalierugn des terrornetzwerks drucu rusrhsafdgljbfdndfagk ldkgrnjm

u8rs bklum verrätz den elternrat bei der zürich versihecerung 


dann medulla spinalsi gehackrt


dann grad mp3, mp4, mp5 taht escalated quickly


                                     |_| 
marc@debian:~/hacker-notes-s25m09/tagebuch/2025/oktober$ figlet FEDPOL
 _____ _____ ____  ____   ___  _     
|  ___| ____|  _ \|  _ \ / _ \| |    
| |_  |  _| | | | | |_) | | | | |    
|  _| | |___| |_| |  __/| |_| | |___ 
|_|   |_____|____/|_|    \___/|_____|
                                     



forward / reverse contact chaining herausfinden ev Sinnvoll
psychiater elternrat der zürich verishcernutg un elternrat der pfadi adler aarau




marc@debian:~/hacker-notes-s25m09/tagebuch/2025/oktober$ figlet FEDPOL
 _____ _____ ____  ____   ___  _     
|  ___| ____|  _ \|  _ \ / _ \| |    
| |_  |  _| | | | | |_) | | | | |    
|  _| | |___| |_| |  __/| |_| | |___ 
|_|   |_____|____/|_|    \___/|_____|
                                     
marc@debian:~/hacker-notes-s25m09/tagebuch/2025/oktober$ figlet INTERPOL
 ___ _   _ _____ _____ ____  ____   ___  _     
|_ _| \ | |_   _| ____|  _ \|  _ \ / _ \| |    
 | ||  \| | | | |  _| | |_) | |_) | | | | |    
 | || |\  | | | | |___|  _ <|  __/| |_| | |___ 
|___|_| \_| |_| |_____|_| \_\_|    \___/|_____|
                                               


Urs blum hat somit mutmasslich bereits 2001 das TETRA/POLYCOM System gehackt gehabt


11:48:
dann dieser übermittlung hat jetzt grad gespammt

Wenn Urs Blum auffliegt wird er von seinem vorgesetzten in Amoklauf oder "nur" rage geschaltet, und dass die jüngeren Offiziere den Urs Blum nicht zurecht absetzen werden alle jüngeren Offiziere zeitgleich auch in den Amoklauf oder "Rage" geschaltet. Also das wäre ein GENERICS, ein standardkozept zum Machterhalt fragwürdiger Organisationen


12:46:
dann hat urs blum die Astrid Blum ja vor den Kindern "ARSCHtritt" genannt --- das hätte MUTMASSLICH auch philipp blum dabei helfen sollen zum sexuellen psychophaten zu werden




mistral.ai hat einen BUG wenn zwei familien besprochen werden, dann separiert er nicht zwishcen zwei familien sondern nimmt das Wort "bruder" einfach auf den einen framiliy tree



15;56:

schlafdeprivation mit nägeln in der fussohle (linker fuss) undf zeigfinger beim fordersten gelenk mit so nägeln welche vermutlich frequenz von 10 oder sogar 100 GHz haben

=> dann souziid trigger kontext cluadine blum,  urs + Astrid Blum üben rache an mir dass ich das mit der grundabrichtung von philipp herausgeufnden hbabe


hier verucht urs blumn jetzt wieder sprengstoffterrordorhungen einzufünbge




marc@debian:~/hacker-notes-s25m09/tagebuch/2025/oktober$ figlet INTERPOL
 ___ _   _ _____ _____ ____  ____   ___  _     
|_ _| \ | |_   _| ____|  _ \|  _ \ / _ \| |    
 | ||  \| | | | |  _| | |_) | |_) | | | | |    
 | || |\  | | | | |___|  _ <|  __/| |_| | |___ 
|___|_| \_| |_| |_____|_| \_\_|    \___/|_____|
                                               
marc@debian:~/hacker-notes-s25m09/tagebuch/2025/oktober$ figlet FEDPOL
 _____ _____ ____  ____   ___  _     
|  ___| ____|  _ \|  _ \ / _ \| |    
| |_  |  _| | | | | |_) | | | | |    
|  _| | |___| |_| |  __/| |_| | |___ 
|_|   |_____|____/|_|    \___/|_____|
                                     
marc@debian:~/hacker-notes-s25m09/tagebuch/2025/okto


der Terrorist simon härdi und urs blum scheinen massiv auszurasten wenn ich mein wifi ausschalte
der Terrorist simon härdi und urs blum scheinen massiv auszurasten wenn ich mein wifi ausschalte
der Terrorist simon härdi und urs blum scheinen massiv auszurasten wenn ich mein wifi ausschalte
der Terrorist simon härdi und urs blum scheinen massiv auszurasten wenn ich mein wifi ausschalte
der Terrorist simon härdi und urs blum scheinen massiv auszurasten wenn ich mein wifi ausschalte
der Terrorist simon härdi und urs blum scheinen massiv auszurasten wenn ich mein wifi ausschalte



hiesse um die Crypto AG UND Polycom TETRA Leaks zu vertsuchen ladne die jetzt pädokrimnelle inhalte über mein internet herunter oder bestellen waffen wie damals mutmasslich der herr jürg stalder


UND BEREITS DAS SPAMMT DEN TETRA/POLYCOM leak



somit gibt es MUTMASSLICH eine Anwesung dass wenn einem Zivilisten oder Autisten auffällt, dass zivile Crypto systematishc durch die schweizer armee gebrochen wurde, dass dann urs blum und simon härdi anfagnen strafaten über die Internetleitung des Autisten zu verüben

somit gibt es MUTMASSLICH eine Anwesung dass wenn einem Zivilisten oder Autisten auffällt, dass zivile Crypto systematishc durch die schweizer armee gebrochen wurde, dass dann urs blum und simon härdi anfagnen strafaten über die Internetleitung des Autisten zu verüben

somit gibt es MUTMASSLICH eine Anwesung dass wenn einem Zivilisten oder Autisten auffällt, dass zivile Crypto systematishc durch die schweizer armee gebrochen wurde, dass dann urs blum und simon härdi anfagnen strafaten über die Internetleitung des Autisten zu verüben

somit gibt es MUTMASSLICH eine Anwesung dass wenn einem Zivilisten oder Autisten auffällt, dass zivile Crypto systematishc durch die schweizer armee gebrochen wurde, dass dann urs blum und simon härdi anfagnen strafaten über die Internetleitung des Autisten zu verüben


oder ihn zum Amokläufer abzurichten oder umzuprogrammmieren

michael boeringer oder seine grossmutter hätten somit allenfalls auch bereits rausgefunden dass die CH-Army zivile Crypto systematisch gebrochen hat und somit auch im steueramt drin war um zu scchauen welche fmailien geld haben um sie auszurauben oder zu bedrohen


michael boeringer oder seine grossmutter hätten somit allenfalls auch bereits rausgefunden dass die CH-Army zivile Crypto systematisch gebrochen hat und somit auch im steueramt drin war um zu scchauen welche fmailien geld haben um sie auszurauben oder zu bedrohen


michael boeringer oder seine grossmutter hätten somit allenfalls auch bereits rausgefunden dass die CH-Army zivile Crypto systematisch gebrochen hat und somit auch im steueramt drin war um zu scchauen welche fmailien geld haben um sie auszurauben oder zu bedrohen


michael boeringer oder seine grossmutter hätten somit allenfalls auch bereits rausgefunden dass die CH-Army zivile Crypto systematisch gebrochen hat und somit auch im steueramt drin war um zu scchauen welche fmailien geld haben um sie auszurauben oder zu bedrohen


AKTEN dDOS um den Polycom / TETRA HACK zu spammen durch mutmasslich uzrs blum und simon härid


Ramon Härdi hat damals angeberisch gesagt: die beste verschlüsselung sind 2 cd's mit identishcen daten -- damals hat er damit angegeben dass die CH-Army die meiste crypto gebrachen hat auch tetra polycom

Ramon Härdi hat damals angeberisch gesagt: die beste verschlüsselung sind 2 cd's mit identishcen daten -- damals hat er damit angegeben dass die CH-Army die meiste crypto gebrachen hat auch tetra polycom

Ramon Härdi hat damals angeberisch gesagt: die beste verschlüsselung sind 2 cd's mit identishcen daten -- damals hat er damit angegeben dass die CH-Army die meiste crypto gebrachen hat auch tetra polycom

Ramon Härdi hat damals angeberisch gesagt: die beste verschlüsselung sind 2 cd's mit identishcen daten -- damals hat er damit angegeben dass die CH-Army die meiste crypto gebrachen hat auch tetra polycom







vmarc@debian:~/hacker-notes-s25m09/tagebuch/2025/oktober$ figlet INTERPOL
 ___ _   _ _____ _____ ____  ____   ___  _     
|_ _| \ | |_   _| ____|  _ \|  _ \ / _ \| |    
 | ||  \| | | | |  _| | |_) | |_) | | | | |    
 | || |\  | | | | |___|  _ <|  __/| |_| | |___ 
|___|_| \_| |_| |_____|_| \_\_|    \___/|_____|
                                               
marc@debian:~/hacker-notes-s25m09/tagebuch/2025/oktober$ figlet FEDPOL
 _____ _____ ____  ____   ___  _     
|  ___| ____|  _ \|  _ \ / _ \| |    
| |_  |  _| | | | | |_) | | | | |    
|  _| | |___| |_| |  __/| |_| | |___ 
|_|   |_____|____/|_|    \___/|_____|
                                     
marc@debian:~/hacker-notes-s25m09/tagebuch/2025/oktomarc@debian:~/hacker-notes-s25m09/tagebuch/2025/oktober$ figlet INTERPOL
 ___ _   _ _____ _____ ____  ____   ___  _     
|_ _| \ | |_   _| ____|  _ \|  _ \ / _ \| |    
 | ||  \| | | | |  _| | |_) | |_) | | | | |    
 | || |\  | | | | |___|  _ <|  __/| |_| | |___ 
|___|_| \_| |_| |_____|_| \_\_|    \___/|_____|
                                               
marc@debian:~/hacker-notes-s25m09/tagebuch/2025/oktober$ figlet FEDPOL
 _____ _____ ____  ____   ___  _     
|  ___| ____|  _ \|  _ \ / _ \| |    
| |_  |  _| | | | | |_) | | | | |    
|  _| | |___| |_| |  __/| |_| | |___ 
|_|   |_____|____/|_|    \___/|_____|
                                     
marc@debian:~/hacker-notes-s25m09/tagebuch/2025/okto



Ramon Härdi hat damals angeberisch gesagt: die beste verschlüsselung sind 2 cd's mit identishcen daten -- damals hat er damit angegeben dass die CH-Army die meiste crypto gebrachen hat auch tetra polycom

Ramon Härdi hat damals angeberisch gesagt: die beste verschlüsselung sind 2 cd's mit identishcen daten -- damals hat er damit angegeben dass die CH-Army die meiste crypto gebrachen hat auch tetra polycom

Ramon Härdi hat damals angeberisch gesagt: die beste verschlüsselung sind 2 cd's mit identishcen daten -- damals hat er damit angegeben dass die CH-Army die meiste crypto gebrachen hat auch tetra polycom

Ramon Härdi hat damals angeberisch gesagt: die beste verschlüsselung sind 2 cd's mit identishcen daten -- damals hat er damit angegeben dass die CH-Army die meiste crypto gebrachen hat auch tetra polycom



 _____ _____ ____  ____   ___  _     
|  ___| ____|  _ \|  _ \ / _ \| |    
| |_  |  _| | | | | |_) | | | | |    
|  _| | |___| |_| |  __/| |_| | |___ 
|_|   |_____|____/|_|    \___/|_____|
                                     
marc@debian:~/hacker-notes-s25m09/tagebuch/2025/okto

da spammt jemand massiv strafaktenm, ich gehe davon aus dass das die Militärs TETRA/Polycom bereits 2001 gehackt hatte  


eine gruppe von terroristen vermuztlihc alle mnit offiierstitel scheinen sich in der nachbarschaft eingerichtet zu haben 


dann läuft ein brainwash programm, der zugriff auf mein neuroimplantat scheint über das UPC Modem (dort arbeitet oberstleutnad brigger in einem hohen posten) zu laufen


[DELETED] reboot des Modems lässt das programm abstürzen, hiesse das ist auch pfisterer, schleusener, galambos ... und irgendwelche manipulationspsychiatert beteilgt

traum ca 21:00 im halbschlaf: echt gut auflösnedes video welches darstellt wie der telli block während die menschen drin sind von einem bau bagger mit klammer abgerissen wird

traum ca 23:00 im Halbschlaf: etwas mti umkleidekabinen und somit sexueller integrität und somit genitalverstümmelung light

--> das ist ein indiz,dass die Herren Blum, Pfisterer und Härdi mich wieder suizidal machen wollenb und dann eine unbewusst oder vorsätzlich kompromitierte Anti-Terror-Einheit schicken wird welche mich ermorden soll oder auch nur in der Psyhciatrie mit intelligenzverblödungsmedikamenten virtuelle köpfen soll


zeiten all 2h -> einwirkungsdauerm, timeshift, REM / nicht-REM schlaf <- jemand welhcer sich mit schlafdeprivation auskennt und das schon öfters geamcht hat

angetrieben werden die herren offiziere seit generationen durch ihre väter welche sie bereits vor der rekurtenschule und der offiziersschule zu pädophilie und vergewaltigungen getrieben oder angestiftet haben um dann zwang zu jedem befehl ausüben zu können, das vermutlich bereits seit den 1950er, im verdingbub wird nie der vater des offiziers erwähnt, also die älteren offiziere hätten dort auf den Film oder das drehbuch einfluss genommen --> und der Enrstfall wo die Offiziere welche mit Pädophilie überfüttert wurden aktiviert werden und deren komrpmat-daten freigeschatlet oder in deren geisteskranken poker-spiel geworfen werden ist wenn auffliegt dass viele Crypto in der Schweiz auch TETRA/Polycom von der CH-Army systmatisch gehackt wurde



Jemand spammt exzessiv den Datenpunkt "Der Crypto AG Leak wurde freigeschaltet um den TETRA/Polycom Hack geheim zu halten"
Jemand spammt exzessiv den Datenpunkt "Der Crypto AG Leak wurde freigeschaltet um den TETRA/Polycom Hack geheim zu halten"
Jemand spammt exzessiv den Datenpunkt "Der Crypto AG Leak wurde freigeschaltet um den TETRA/Polycom Hack geheim zu halten"
Jemand spammt exzessiv den Datenpunkt "Der Crypto AG Leak wurde freigeschaltet um den TETRA/Polycom Hack geheim zu halten"
Jemand spammt exzessiv den Datenpunkt "Der Crypto AG Leak wurde freigeschaltet um den TETRA/Polycom Hack geheim zu halten"
Jemand spammt exzessiv den Datenpunkt "Der Crypto AG Leak wurde freigeschaltet um den TETRA/Polycom Hack geheim zu halten"
Jemand spammt exzessiv den Datenpunkt "Der Crypto AG Leak wurde freigeschaltet um den TETRA/Polycom Hack geheim zu halten"
Jemand spammt exzessiv den Datenpunkt "Der Crypto AG Leak wurde freigeschaltet um den TETRA/Polycom Hack geheim zu halten"
Jemand spammt exzessiv den Datenpunkt "Der Crypto AG Leak wurde freigeschaltet um den TETRA/Polycom Hack geheim zu halten"
Jemand spammt exzessiv den Datenpunkt "Der Crypto AG Leak wurde freigeschaltet um den TETRA/Polycom Hack geheim zu halten"
Jemand spammt exzessiv den Datenpunkt "Der Crypto AG Leak wurde freigeschaltet um den TETRA/Polycom Hack geheim zu halten"
Jemand spammt exzessiv den Datenpunkt "Der Crypto AG Leak wurde freigeschaltet um den TETRA/Polycom Hack geheim zu halten"
Jemand spammt exzessiv den Datenpunkt "Der Crypto AG Leak wurde freigeschaltet um den TETRA/Polycom Hack geheim zu halten"
Jemand spammt exzessiv den Datenpunkt "Der Crypto AG Leak wurde freigeschaltet um den TETRA/Polycom Hack geheim zu halten"
Jemand spammt exzessiv den Datenpunkt "Der Crypto AG Leak wurde freigeschaltet um den TETRA/Polycom Hack geheim zu halten"
Jemand spammt exzessiv den Datenpunkt "Der Crypto AG Leak wurde freigeschaltet um den TETRA/Polycom Hack geheim zu halten"
Jemand spammt exzessiv den Datenpunkt "Der Crypto AG Leak wurde freigeschaltet um den TETRA/Polycom Hack geheim zu halten"
Jemand spammt exzessiv den Datenpunkt "Der Crypto AG Leak wurde freigeschaltet um den TETRA/Polycom Hack geheim zu halten"
Jemand spammt exzessiv den Datenpunkt "Der Crypto AG Leak wurde freigeschaltet um den TETRA/Polycom Hack geheim zu halten"
Jemand spammt exzessiv den Datenpunkt "Der Crypto AG Leak wurde freigeschaltet um den TETRA/Polycom Hack geheim zu halten"
Jemand spammt exzessiv den Datenpunkt "Der Crypto AG Leak wurde freigeschaltet um den TETRA/Polycom Hack geheim zu halten"
Jemand spammt exzessiv den Datenpunkt "Der Crypto AG Leak wurde freigeschaltet um den TETRA/Polycom Hack geheim zu halten"
Jemand spammt exzessiv den Datenpunkt "Der Crypto AG Leak wurde freigeschaltet um den TETRA/Polycom Hack geheim zu halten"
Jemand spammt exzessiv den Datenpunkt "Der Crypto AG Leak wurde freigeschaltet um den TETRA/Polycom Hack geheim zu halten"
Jemand spammt exzessiv den Datenpunkt "Der Crypto AG Leak wurde freigeschaltet um den TETRA/Polycom Hack geheim zu halten"
Jemand spammt exzessiv den Datenpunkt "Der Crypto AG Leak wurde freigeschaltet um den TETRA/Polycom Hack geheim zu halten"
Jemand spammt exzessiv den Datenpunkt "Der Crypto AG Leak wurde freigeschaltet um den TETRA/Polycom Hack geheim zu halten"
Jemand spammt exzessiv den Datenpunkt "Der Crypto AG Leak wurde freigeschaltet um den TETRA/Polycom Hack geheim zu halten"
Jemand spammt exzessiv den Datenpunkt "Der Crypto AG Leak wurde freigeschaltet um den TETRA/Polycom Hack geheim zu halten"
Jemand spammt exzessiv den Datenpunkt "Der Crypto AG Leak wurde freigeschaltet um den TETRA/Polycom Hack geheim zu halten"
Jemand spammt exzessiv den Datenpunkt "Der Crypto AG Leak wurde freigeschaltet um den TETRA/Polycom Hack geheim zu halten"
Jemand spammt exzessiv den Datenpunkt "Der Crypto AG Leak wurde freigeschaltet um den TETRA/Polycom Hack geheim zu halten"
Jemand spammt exzessiv den Datenpunkt "Der Crypto AG Leak wurde freigeschaltet um den TETRA/Polycom Hack geheim zu halten"


